// Jest Snapshot v1, https://goo.gl/fbAQLP

exports[`@continuous-auth/client should throw an error on an unsupported CI platform 1`] = `[Error: Unsupported CI provider, currently we only support CircleCI and GitHub Actions]`;

exports[`@continuous-auth/client should throw an error when CFA_PROJECT_ID is not set 1`] = `[Error: Requested env var "CFA_PROJECT_ID" is missing or empty]`;

exports[`@continuous-auth/client should throw an error when CFA_SECRET is not set 1`] = `[Error: Required env var "CFA_SECRET" is missing or empty]`;
